// Vitest Snapshot v1, https://vitest.dev/guide/snapshot.html

exports[`Button > snapshot de cada variante > variant-ghost 1`] = `
<button
  class="group/button inline-flex shrink-0 items-center justify-center rounded-lg border border-transparent bg-clip-padding text-sm font-medium whitespace-nowrap transition-all duration-200 outline-none select-none h-8 gap-1.5 px-2.5 hover:scale-105 focus-visible:border-ring focus-visible:ring-3 focus-visible:ring-ring/50 active:not-aria-[haspopup]:translate-y-px disabled:pointer-events-none disabled:opacity-50 aria-invalid:border-destructive aria-invalid:ring-3 aria-invalid:ring-destructive/20 [&_svg]:pointer-events-none [&_svg]:shrink-0 [&_svg:not([class*='size-'])]:size-4 text-secondary-foreground hover:bg-secondary/60 hover:border-gold/30"
  data-slot="button"
  tabindex="0"
  type="button"
>
  a
</button>
`;

exports[`Button > snapshot de cada variante > variant-primary 1`] = `
<button
  class="group/button inline-flex shrink-0 items-center justify-center rounded-lg border border-transparent bg-clip-padding text-sm font-medium whitespace-nowrap transition-all duration-200 outline-none select-none h-8 gap-1.5 px-2.5 hover:scale-105 focus-visible:border-ring focus-visible:ring-3 focus-visible:ring-ring/50 active:not-aria-[haspopup]:translate-y-px disabled:pointer-events-none disabled:opacity-50 aria-invalid:border-destructive aria-invalid:ring-3 aria-invalid:ring-destructive/20 [&_svg]:pointer-events-none [&_svg]:shrink-0 [&_svg:not([class*='size-'])]:size-4 bg-primary text-primary-foreground hover:bg-gold-dark"
  data-slot="button"
  tabindex="0"
  type="button"
>
  a
</button>
`;

exports[`Button > snapshot de cada variante > variant-secondary 1`] = `
<button
  class="group/button inline-flex shrink-0 items-center justify-center rounded-lg border bg-clip-padding text-sm font-medium whitespace-nowrap transition-all duration-200 outline-none select-none h-8 gap-1.5 px-2.5 hover:scale-105 focus-visible:border-ring focus-visible:ring-3 focus-visible:ring-ring/50 active:not-aria-[haspopup]:translate-y-px disabled:pointer-events-none disabled:opacity-50 aria-invalid:border-destructive aria-invalid:ring-3 aria-invalid:ring-destructive/20 [&_svg]:pointer-events-none [&_svg]:shrink-0 [&_svg:not([class*='size-'])]:size-4 border-border text-secondary-foreground hover:border-gold hover:bg-gold/5"
  data-slot="button"
  tabindex="0"
  type="button"
>
  a
</button>
`;
